[2m08:59:39[22m [31m[1m[vite][22m[39m [31mInternal server error: D:\MyWorkBuddy\2026-08-10-22-39-56\apps\web\src\user\shared.tsx: 'import' and 'export' may only appear at the top level. (121:0)

[0m [90m 119 |[31m
 [90m 120 |[31m [90m/** 整页加载占位 */[31m
[31m[1m>[22m[31m[90m 121 |[31m [36mexport[31m [36mfunction[31m [33mLoadingDots[31m() {
 [90m     |[31m [31m[1m^[22m[31m
 [90m 122 |[31m   [36mconst[31m { t } [33m=[31m useTranslation()[33m;[31m
 [90m 123 |[31m   [36mreturn[31m (
 [90m 124 |[31m     [33m<[31m[33mdiv[31m className[33m=[31m[32m"flex min-h-[40vh] items-center justify-center text-sm text-gray-400"[31m[33m>[31m[0m[39m
  Plugin: [35mvite:react-babel[39m
  File: [36mD:/MyWorkBuddy/2026-08-10-22-39-56/apps/web/src/user/shared.tsx[39m:121:0
[33m  122|    const { t } = useTranslation();
  123|    return (
  124|      <div className="flex min-h-[40vh] items-center justify-center text-sm text-gray-400">
     |                                             ^
  125|        {t('common:userCenter.loading')}
  126|      </div>[39m
      at constructor (D:\MyWorkBuddy\2026-08-10-22-39-56\node_modules\.pnpm\@babel+parser@7.29.8\node_modules\@babel\parser\lib\index.js:369:19)
      at TypeScriptParserMixin.raise (D:\MyWorkBuddy\2026-08-10-22-39-56\node_modules\.pnpm\@babel+parser@7.29.8\node_modules\@babel\parser\lib\index.js:6620:19)
      at TypeScriptParserMixin.parseStatementContent (D:\MyWorkBuddy\2026-08-10-22-39-56\node_modules\.pnpm\@babel+parser@7.29.8\node_modules\@babel\parser\lib\index.js:12900:18)
      at TypeScriptParserMixin.parseStatementContent (D:\MyWorkBuddy\2026-08-10-22-39-56\node_modules\.pnpm\@babel+parser@7.29.8\node_modules\@babel\parser\lib\index.js:9529:18)
      at TypeScriptParserMixin.parseStatementLike (D:\MyWorkBuddy\2026-08-10-22-39-56\node_modules\.pnpm\@babel+parser@7.29.8\node_modules\@babel\parser\lib\index.js:12796:17)
      at TypeScriptParserMixin.parseStatementListItem (D:\MyWorkBuddy\2026-08-10-22-39-56\node_modules\.pnpm\@babel+parser@7.29.8\node_modules\@babel\parser\lib\index.js:12776:17)
      at TypeScriptParserMixin.parseBlockOrModuleBlockBody (D:\MyWorkBuddy\2026-08-10-22-39-56\node_modules\.pnpm\@babel+parser@7.29.8\node_modules\@babel\parser\lib\index.js:13345:61)
      at TypeScriptParserMixin.parseBlockBody (D:\MyWorkBuddy\2026-08-10-22-39-56\node_modules\.pnpm\@babel+parser@7.29.8\node_modules\@babel\parser\lib\index.js:13338:10)
      at TypeScriptParserMixin.parseBlock (D:\MyWorkBuddy\2026-08-10-22-39-56\node_modules\.pnpm\@babel+parser@7.29.8\node_modules\@babel\parser\lib\index.js:13326:10)
      at TypeScriptParserMixin.parseFunctionBody (D:\MyWorkBuddy\2026-08-10-22-39-56\node_modules\.pnpm\@babel+parser@7.29.8\node_modules\@babel\parser\lib\index.js:12129:24)
      at TypeScriptParserMixin.parseFunctionBodyAndFinish (D:\MyWorkBuddy\2026-08-10-22-39-56\node_modules\.pnpm\@babel+parser@7.29.8\node_modules\@babel\parser\lib\index.js:12115:10)
      at TypeScriptParserMixin.parseFunctionBodyAndFinish (D:\MyWorkBuddy\2026-08-10-22-39-56\node_modules\.pnpm\@babel+parser@7.29.8\node_modules\@babel\parser\lib\index.js:9193:18)
      at D:\MyWorkBuddy\2026-08-10-22-39-56\node_modules\.pnpm\@babel+parser@7.29.8\node_modules\@babel\parser\lib\index.js:13474:12
      at TypeScriptParserMixin.withSmartMixTopicForbiddingContext (D:\MyWorkBuddy\2026-08-10-22-39-56\node_modules\.pnpm\@babel+parser@7.29.8\node_modules\@babel\parser\lib\index.js:12432:14)
      at TypeScriptParserMixin.parseFunction (D:\MyWorkBuddy\2026-08-10-22-39-56\node_modules\.pnpm\@babel+parser@7.29.8\node_modules\@babel\parser\lib\index.js:13473:10)
      at TypeScriptParserMixin.parseFunctionStatement (D:\MyWorkBuddy\2026-08-10-22-39-56\node_modules\.pnpm\@babel+parser@7.29.8\node_modules\@babel\parser\lib\index.js:13154:17)
      at TypeScriptParserMixin.parseStatementContent (D:\MyWorkBuddy\2026-08-10-22-39-56\node_modules\.pnpm\@babel+parser@7.29.8\node_modules\@babel\parser\lib\index.js:12820:21)
      at TypeScriptParserMixin.parseStatementContent (D:\MyWorkBuddy\2026-08-10-22-39-56\node_modules\.pnpm\@babel+parser@7.29.8\node_modules\@babel\parser\lib\index.js:9529:18)
      at TypeScriptParserMixin.parseStatementLike (D:\MyWorkBuddy\2026-08-10-22-39-56\node_modules\.pnpm\@babel+parser@7.29.8\node_modules\@babel\parser\lib\index.js:12796:17)
      at TypeScriptParserMixin.parseStatementListItem (D:\MyWorkBuddy\2026-08-10-22-39-56\node_modules\.pnpm\@babel+parser@7.29.8\node_modules\@babel\parser\lib\index.js:12776:17)
      at TypeScriptParserMixin.parseExportDeclaration (D:\MyWorkBuddy\2026-08-10-22-39-56\node_modules\.pnpm\@babel+parser@7.29.8\node_modules\@babel\parser\lib\index.js:13963:17)
      at TypeScriptParserMixin.parseExportDeclaration (D:\MyWorkBuddy\2026-08-10-22-39-56\node_modules\.pnpm\@babel+parser@7.29.8\node_modules\@babel\parser\lib\index.js:9650:85)
      at TypeScriptParserMixin.maybeParseExportDeclaration (D:\MyWorkBuddy\2026-08-10-22-39-56\node_modules\.pnpm\@babel+parser@7.29.8\node_modules\@babel\parser\lib\index.js:13922:31)
      at TypeScriptParserMixin.parseExport (D:\MyWorkBuddy\2026-08-10-22-39-56\node_modules\.pnpm\@babel+parser@7.29.8\node_modules\@babel\parser\lib\index.js:13841:29)
      at TypeScriptParserMixin.parseExport (D:\MyWorkBuddy\2026-08-10-22-39-56\node_modules\.pnpm\@babel+parser@7.29.8\node_modules\@babel\parser\lib\index.js:9406:20)
      at TypeScriptParserMixin.parseStatementContent (D:\MyWorkBuddy\2026-08-10-22-39-56\node_modules\.pnpm\@babel+parser@7.29.8\node_modules\@babel\parser\lib\index.js:12907:27)
      at TypeScriptParserMixin.parseStatementContent (D:\MyWorkBuddy\2026-08-10-22-39-56\node_modules\.pnpm\@babel+parser@7.29.8\node_modules\@babel\parser\lib\index.js:9529:18)
      at TypeScriptParserMixin.parseStatementLike (D:\MyWorkBuddy\2026-08-10-22-39-56\node_modules\.pnpm\@babel+parser@7.29.8\node_modules\@babel\parser\lib\index.js:12796:17)
      at TypeScriptParserMixin.parseModuleItem (D:\MyWorkBuddy\2026-08-10-22-39-56\node_modules\.pnpm\@babel+parser@7.29.8\node_modules\@babel\parser\lib\index.js:12773:17)
      at TypeScriptParserMixin.parseBlockOrModuleBlockBody (D:\MyWorkBuddy\2026-08-10-22-39-56\node_modules\.pnpm\@babel+parser@7.29.8\node_modules\@babel\parser\lib\index.js:13345:36)
      at TypeScriptParserMixin.parseBlockBody (D:\MyWorkBuddy\2026-08-10-22-39-56\node_modules\.pnpm\@babel+parser@7.29.8\node_modules\@babel\parser\lib\index.js:13338:10)
      at TypeScriptParserMixin.parseProgram (D:\MyWorkBuddy\2026-08-10-22-39-56\node_modules\.pnpm\@babel+parser@7.29.8\node_modules\@babel\parser\lib\index.js:12651:10)
      at TypeScriptParserMixin.parseTopLevel (D:\MyWorkBuddy\2026-08-10-22-39-56\node_modules\.pnpm\@babel+parser@7.29.8\node_modules\@babel\parser\lib\index.js:12641:25)
      at TypeScriptParserMixin.parse (D:\MyWorkBuddy\2026-08-10-22-39-56\node_modules\.pnpm\@babel+parser@7.29.8\node_modules\@babel\parser\lib\index.js:14517:25)
      at TypeScriptParserMixin.parse (D:\MyWorkBuddy\2026-08-10-22-39-56\node_modules\.pnpm\@babel+parser@7.29.8\node_modules\@babel\parser\lib\index.js:10147:18)
      at parse (D:\MyWorkBuddy\2026-08-10-22-39-56\node_modules\.pnpm\@babel+parser@7.29.8\node_modules\@babel\parser\lib\index.js:14551:38)
      at parser (D:\MyWorkBuddy\2026-08-10-22-39-56\node_modules\.pnpm\@babel+core@7.29.7\node_modules\@babel\core\lib\parser\index.js:41:34)
      at parser.next (<anonymous>)
      at normalizeFile (D:\MyWorkBuddy\2026-08-10-22-39-56\node_modules\.pnpm\@babel+core@7.29.7\node_modules\@babel\core\lib\transformation\normalize-file.js:51:37)
      at normalizeFile.next (<anonymous>)
      at run (D:\MyWorkBuddy\2026-08-10-22-39-56\node_modules\.pnpm\@babel+core@7.29.7\node_modules\@babel\core\lib\transformation\index.js:22:50)
      at run.next (<anonymous>)
      at transform (D:\MyWorkBuddy\2026-08-10-22-39-56\node_modules\.pnpm\@babel+core@7.29.7\node_modules\@babel\core\lib\transform.js:22:33)
      at transform.next (<anonymous>)
      at step (D:\MyWorkBuddy\2026-08-10-22-39-56\node_modules\.pnpm\gensync@1.0.0-beta.2\node_modules\gensync\index.js:261:32)
      at D:\MyWorkBuddy\2026-08-10-22-39-56\node_modules\.pnpm\gensync@1.0.0-beta.2\node_modules\gensync\index.js:273:13
      at async.call.result.err.err (D:\MyWorkBuddy\2026-08-10-22-39-56\node_modules\.pnpm\gensync@1.0.0-beta.2\node_modules\gensync\index.js:223:11)
      at D:\MyWorkBuddy\2026-08-10-22-39-56\node_modules\.pnpm\gensync@1.0.0-beta.2\node_modules\gensync\index.js:189:28
      at D:\MyWorkBuddy\2026-08-10-22-39-56\node_modules\.pnpm\@babel+core@7.29.7\node_modules\@babel\core\lib\gensync-utils\async.js:67:7
      at D:\MyWorkBuddy\2026-08-10-22-39-56\node_modules\.pnpm\gensync@1.0.0-beta.2\node_modules\gensync\index.js:113:33
